2024-10-04 16:47:23,165 INFO worker:gw0 content:Type2_1 calculation_time:38.16547894477844 show_3d_time:16.491737127304077 show_2d_time:91.16515493392944 dl_time:41.74451804161072
2024-10-04 16:47:25,447 INFO worker:gw1 content:Type2_2 calculation_time:49.27568578720093 show_3d_time:17.071885108947754 show_2d_time:83.78510808944702 dl_time:39.91598105430603
2024-10-04 16:56:59,480 INFO worker:gw0 content:Type1_pack_1 calculation_time:38.6799750328064 show_3d_time:17.522615909576416 show_2d_time:61.138278007507324 dl_time:31.637593746185303
2024-10-04 16:57:36,840 INFO worker:gw1 content:Type1_pack_2 calculation_time:55.311864137649536 show_3d_time:16.492021083831787 show_2d_time:81.65538215637207 dl_time:29.915637016296387
